Usando la configuración de inicio de C:\Users\joseluisgs\Projects\Tienda\TiendaDawWeb-NetCore\TiendaDawWeb.Mvc\Properties\launchSettings.json...
Compilando...
[12:58:49 INF] 🚀 Inicializando TiendaDawWeb...
[12:58:49 INF] 🗄️ Configurando SQLite In-Memory...
[12:58:49 INF] 🗄️ SQLite configurado correctamente
[12:58:49 INF] 🔐 Configurando ASP.NET Core Identity...
[12:58:49 INF] 🔐 Configurando cookies de autenticación...
[12:58:49 INF] 🛡️ Identity configurado correctamente
[12:58:49 INF] ⚙️ Registrando servicios de negocio...
[12:58:49 INF] 📰 Configurando Background Jobs...
[12:58:49 INF] 🧹 Configurando servicios de limpieza...
[12:58:49 INF] 🌍 Configurando localización...
[12:58:49 INF] 🌍 Localización configurada
[12:58:49 INF] 🎛️ Configurando controladores MVC...
[12:58:49 INF] 📄 Configurando Razor Pages...
[12:58:49 INF] 🔵 Configurando Blazor Server...
[12:58:49 INF] 🧠 Configurando OutputCache...
[12:58:49 INF] 🧠 Configurando MemoryCache...
[12:58:49 INF] 🧠 Configurando Session...
[12:58:49 INF] 🧠 Caché y sesión configurados
[12:58:49 INF] 🛡️ Configurando Antiforgery (CSRF)...
[12:58:49 INF] 🛡️ Antiforgery configurado
[12:58:49 INF] 🌐 Configurando CORS para DESARROLLO...
[12:58:49 INF] 🔔 Configurando SignalR...
[12:58:49 INF] 🔔 SignalR configurado
[12:58:49 INF] ✅ Aplicación construida
[12:58:49 INF] 🔓 Modo desarrollo: HTTP permitido (sin redirección HTTPS)
[12:58:49 INF] 🌍 Culturas soportadas: es-ES, en-US, fr-FR, de-DE, pt-PT
[12:58:49 INF] 🛣️ Mapeando endpoints MVC...
[12:58:49 INF] 🛣️ Mapeando Razor Pages...
[12:58:49 INF] 🛣️ Mapeando Blazor Hub...
[12:58:49 INF] 🛣️ Mapeando SignalR Hub...
[12:58:49 INF] 🛣️ Mapeando Health Check...
[12:58:49 INF] 🗄️ Inicializando base de datos...
[12:58:49 INF] 🔧 PERFIL DEV: Inicializando marketplace con datos de prueba...
[12:58:49 INF] 📅 Fecha: 2026-02-03 12:58:49
[12:58:50 INF] ✅ Rol ADMIN creado
[12:58:50 INF] ✅ Rol MODERATOR creado
[12:58:50 INF] ✅ Rol USER creado
[12:58:50 INF] ✅ Usuario admin@waladaw.com creado con rol ADMIN
[12:58:50 INF] ✅ Usuario prueba@prueba.com creado con rol USER
[12:58:50 INF] ✅ Usuario moderador@waladaw.com creado con rol MODERATOR
[12:58:50 INF] ✅ Usuario otro@otro.com creado con rol USER
[12:58:50 INF] ✅ Usuario maria@email.com creado con rol USER
[12:58:50 INF] ✅ Usuario carlos@email.com creado con rol USER
[12:58:50 INF] ✅ Usuario ana@email.com creado con rol USER
[12:58:50 INF] ✅ Usuario david@email.com creado con rol USER
[12:58:50 INF] ✅ Usuario laura@email.com creado con rol USER
[12:58:50 INF] ✅ Usuario javier@email.com creado con rol USER
[12:58:50 INF] ✅ 10 usuarios creados exitosamente
[12:58:50 INF] 📦 Creando catálogo de productos...
[12:58:50 INF] 🚀 Marketplace inicializado correctamente!
[12:58:50 INF] 📊 42 productos creados exitosamente
[12:58:50 INF] ✅ Base de datos inicializada correctamente
[12:58:50 INF] 🖼️ [DESARROLLO] Preparando directorio de almacenamiento: C:\Users\joseluisgs\Projects\Tienda\TiendaDawWeb-NetCore\TiendaDawWeb.Mvc\wwwroot\uploads
[12:58:50 INF] ✅ Contenido del directorio borrado
[12:58:50 INF] =================================================================
[12:58:50 INF] TiendaDawWeb - Aplicación Web Educativa
[12:58:50 INF] =================================================================
[12:58:50 INF] Acceso Publico:         http://localhost:5000/Public
[12:58:50 INF] Panel Admin:            http://localhost:5000/Admin
[12:58:50 INF] =================================================================
[12:58:50 INF] CREDENCIALES DE PRUEBA:
[12:58:50 INF]   Admin:   admin@waladaw.com / admin (ROLE_ADMIN)
[12:58:50 INF]   Usuario: prueba@prueba.com / prueba (ROLE_USER)
[12:58:50 INF] =================================================================
[12:58:50 INF] DATOS SEMBRADOS (Seed):
[12:58:50 INF]   SQLite In-Memory: 10 usuarios, 42 productos
[12:58:50 INF]   Roles: ADMIN, MODERATOR, USER
[12:58:50 INF] =================================================================
[12:58:50 INF] 🚀 Aplicacion iniciada correctamente en http://localhost:5000 (DESARROLLO)
[12:58:50 INF] =================================================================
[12:58:50 INF] Servicio de email en segundo plano iniciado
[12:58:50 INF] Servicio de limpieza de carritos iniciado
[12:58:50 INF] Servicio de limpieza de reservas iniciado
[12:58:50 INF] BackgroundJobService iniciado - Modo: DESARROLLO
[12:58:50 INF] Primera ejecucion en 1440 minutos
[12:58:50 INF] Ejecutando limpieza de carritos abandonados...
[12:58:50 INF] Now listening on: http://localhost:5000
[12:58:50 INF] Application started. Press Ctrl+C to shut down.
[12:58:50 INF] Hosting environment: Development
[12:58:50 INF] Content root path: C:\Users\joseluisgs\Projects\Tienda\TiendaDawWeb-NetCore\TiendaDawWeb.Mvc
[12:58:51 INF] RatingSummary inicializado para Producto 1
[12:58:51 INF] RatingSection inicializado para Producto 1
[12:58:51 INF] RatingSummary inicializado para Producto 1
[12:58:51 INF] RatingSection inicializado para Producto 1
[13:01:31 INF] RatingSummary inicializado para Producto 1
[13:01:31 INF] RatingSection inicializado para Producto 1
[13:01:31 INF] RatingSummary inicializado para Producto 1
[13:01:31 INF] RatingSection inicializado para Producto 1
